src/routes/dispatches.ts(256,16): error TS2322: Type 'string | string[]' is not assignable to type 'string | StringNullableFilter<"EmailLog"> | null | undefined'.
  Type 'string[]' is not assignable to type 'string | StringNullableFilter<"EmailLog"> | null | undefined'.
src/routes/dispatches.ts(284,16): error TS2322: Type 'string | string[]' is not assignable to type 'string | undefined'.
  Type 'string[]' is not assignable to type 'string'.
src/routes/dispatches.ts(292,16): error TS2339: Property 'logs' does not exist on type '{ id: string; createdAt: Date; templateSlug: string; recipientGroup: string | null; totalSent: number; totalFailed: number; failedEmails: JsonValue; }'.
src/routes/dispatches.ts(292,29): error TS7006: Parameter 'log' implicitly has an 'any' type.
src/routes/dispatches.ts(326,16): error TS2339: Property 'logs' does not exist on type '{ id: string; createdAt: Date; templateSlug: string; recipientGroup: string | null; totalSent: number; totalFailed: number; failedEmails: JsonValue; }'.
src/routes/dispatches.ts(326,30): error TS7006: Parameter 'log' implicitly has an 'any' type.
src/routes/dispatches.ts(326,35): error TS7006: Parameter 'index' implicitly has an 'any' type.
